// Jest Snapshot v1, https://goo.gl/fbAQLP

exports[`read with generic-filehandle RemoteFile 1`] = `
Array [
  Array [
    0,
    1049,
    9000,
    1,
    "EDEN",
    "EDEN",
    "protein kinase",
    "ctgA",
    "example",
    Array [
      Array [
        0,
        1299,
        9000,
        1,
        "EDEN.3",
        "EDEN.3",
        "Eden splice form 3",
        "ctgA",
        "example",
        Array [
          Array [
            1,
            6999,
            7600,
            1,
            "1",
            "ctgA",
            "example",
            "CDS",
          ],
          Array [
            1,
            4999,
            5500,
            1,
            "1",
            "ctgA",
            "example",
            "CDS",
          ],
          Array [
            2,
            7600,
            9000,
            1,
            "ctgA",
            "example",
            "three_prime_UTR",
          ],
          Array [
            2,
            2999,
            3300,
            1,
            "ctgA",
            "example",
            "five_prime_UTR",
          ],
          Array [
            2,
            1299,
            1500,
            1,
            "ctgA",
            "example",
            "five_prime_UTR",
          ],
          Array [
            1,
            3300,
            3902,
            1,
            "0",
            "ctgA",
            "example",
            "CDS",
          ],
        ],
        "mRNA",
      ],
      Array [
        0,
        1049,
        9000,
        1,
        "EDEN.1",
        "EDEN.1",
        "Eden splice form 1",
        "ctgA",
        "example",
        Array [
          Array [
            2,
            7608,
            9000,
            1,
            "ctgA",
            "example",
            "three_prime_UTR",
          ],
          Array [
            1,
            2999,
            3902,
            1,
            "0",
            "ctgA",
            "example",
            "CDS",
          ],
          Array [
            1,
            4999,
            5500,
            1,
            "0",
            "ctgA",
            "example",
            "CDS",
          ],
          Array [
            2,
            1049,
            1200,
            1,
            "ctgA",
            "example",
            "five_prime_UTR",
          ],
          Array [
            1,
            6999,
            7608,
            1,
            "0",
            "ctgA",
            "example",
            "CDS",
          ],
          Array [
            1,
            1200,
            1500,
            1,
            "0",
            "ctgA",
            "example",
            "CDS",
          ],
        ],
        "mRNA",
      ],
      Array [
        0,
        1049,
        9000,
        1,
        "EDEN.2",
        "EDEN.2",
        "Eden splice form 2",
        "ctgA",
        "example",
        Array [
          Array [
            1,
            6999,
            7608,
            1,
            "0",
            "ctgA",
            "example",
            "CDS",
          ],
          Array [
            1,
            4999,
            5500,
            1,
            "0",
            "ctgA",
            "example",
            "CDS",
          ],
          Array [
            1,
            1200,
            1500,
            1,
            "0",
            "ctgA",
            "example",
            "CDS",
          ],
          Array [
            2,
            1049,
            1200,
            1,
            "ctgA",
            "example",
            "five_prime_UTR",
          ],
          Array [
            2,
            7608,
            9000,
            1,
            "ctgA",
            "example",
            "three_prime_UTR",
          ],
        ],
        "mRNA",
      ],
    ],
    "gene",
  ],
]
`;

exports[`read with generic-filehandle remotefile with file urls 1`] = `
Array [
  Array [
    0,
    1049,
    9000,
    1,
    "EDEN",
    "EDEN",
    "protein kinase",
    "ctgA",
    "example",
    Array [
      Array [
        0,
        1299,
        9000,
        1,
        "EDEN.3",
        "EDEN.3",
        "Eden splice form 3",
        "ctgA",
        "example",
        Array [
          Array [
            1,
            6999,
            7600,
            1,
            "1",
            "ctgA",
            "example",
            "CDS",
          ],
          Array [
            1,
            4999,
            5500,
            1,
            "1",
            "ctgA",
            "example",
            "CDS",
          ],
          Array [
            2,
            7600,
            9000,
            1,
            "ctgA",
            "example",
            "three_prime_UTR",
          ],
          Array [
            2,
            2999,
            3300,
            1,
            "ctgA",
            "example",
            "five_prime_UTR",
          ],
          Array [
            2,
            1299,
            1500,
            1,
            "ctgA",
            "example",
            "five_prime_UTR",
          ],
          Array [
            1,
            3300,
            3902,
            1,
            "0",
            "ctgA",
            "example",
            "CDS",
          ],
        ],
        "mRNA",
      ],
      Array [
        0,
        1049,
        9000,
        1,
        "EDEN.1",
        "EDEN.1",
        "Eden splice form 1",
        "ctgA",
        "example",
        Array [
          Array [
            2,
            7608,
            9000,
            1,
            "ctgA",
            "example",
            "three_prime_UTR",
          ],
          Array [
            1,
            2999,
            3902,
            1,
            "0",
            "ctgA",
            "example",
            "CDS",
          ],
          Array [
            1,
            4999,
            5500,
            1,
            "0",
            "ctgA",
            "example",
            "CDS",
          ],
          Array [
            2,
            1049,
            1200,
            1,
            "ctgA",
            "example",
            "five_prime_UTR",
          ],
          Array [
            1,
            6999,
            7608,
            1,
            "0",
            "ctgA",
            "example",
            "CDS",
          ],
          Array [
            1,
            1200,
            1500,
            1,
            "0",
            "ctgA",
            "example",
            "CDS",
          ],
        ],
        "mRNA",
      ],
      Array [
        0,
        1049,
        9000,
        1,
        "EDEN.2",
        "EDEN.2",
        "Eden splice form 2",
        "ctgA",
        "example",
        Array [
          Array [
            1,
            6999,
            7608,
            1,
            "0",
            "ctgA",
            "example",
            "CDS",
          ],
          Array [
            1,
            4999,
            5500,
            1,
            "0",
            "ctgA",
            "example",
            "CDS",
          ],
          Array [
            1,
            1200,
            1500,
            1,
            "0",
            "ctgA",
            "example",
            "CDS",
          ],
          Array [
            2,
            1049,
            1200,
            1,
            "ctgA",
            "example",
            "five_prime_UTR",
          ],
          Array [
            2,
            7608,
            9000,
            1,
            "ctgA",
            "example",
            "three_prime_UTR",
          ],
        ],
        "mRNA",
      ],
    ],
    "gene",
  ],
]
`;
